../Core/Src/main.c:187:5:main	1
../Core/Src/main.c:293:6:SystemClock_Config	4
../Core/Src/main.c:340:13:MX_ADC1_Init	3
../Core/Src/main.c:397:13:MX_CAN_Init	5
../Core/Src/main.c:467:13:MX_USART2_UART_Init	2
../Core/Src/main.c:502:13:MX_GPIO_Init	1
../Core/Src/main.c:539:19:CAN_Send	1
../Core/Src/main.c:555:9:lastMessageSent	2
../Core/Src/main.c:579:6:ControlPedal	8
../Core/Src/main.c:668:6:DisplayData	5
../Core/Src/main.c:725:6:StartAPPSCalibration	1
../Core/Src/main.c:743:6:StartCANWatchdog	7
../Core/Src/main.c:827:6:HAL_TIM_PeriodElapsedCallback	2
../Core/Src/main.c:943:6:Error_Handler	1
