../Core/Src/main.c:134:5:main	8	static
../Core/Src/main.c:232:6:SystemClock_Config	120	static
../Core/Src/main.c:279:13:MX_ADC1_Init	32	static
../Core/Src/main.c:336:13:MX_CAN_Init	48	static
../Core/Src/main.c:407:13:MX_USART2_UART_Init	8	static
../Core/Src/main.c:442:13:MX_GPIO_Init	48	static
../Core/Src/main.c:487:6:ControlPedal	16	static
../Core/Src/main.c:571:6:DisplayData	24	static
../Core/Src/main.c:629:6:HAL_TIM_PeriodElapsedCallback	16	static
../Core/Src/main.c:647:6:Error_Handler	4	static,ignoring_inline_asm
