../Core/Src/main.c:187:5:main	8	static
../Core/Src/main.c:293:6:SystemClock_Config	120	static
../Core/Src/main.c:340:13:MX_ADC1_Init	32	static
../Core/Src/main.c:397:13:MX_CAN_Init	48	static
../Core/Src/main.c:468:13:MX_USART2_UART_Init	8	static
../Core/Src/main.c:503:13:MX_GPIO_Init	48	static
../Core/Src/main.c:540:19:CAN_Send	24	static
../Core/Src/main.c:556:9:lastMessageSent	16	static
../Core/Src/main.c:580:6:ControlPedal	16	static
../Core/Src/main.c:669:6:DisplayData	24	static
../Core/Src/main.c:726:6:StartAPPSCalibration	16	static
../Core/Src/main.c:744:6:StartCANWatchdog	16	static
../Core/Src/main.c:828:6:HAL_TIM_PeriodElapsedCallback	16	static
../Core/Src/main.c:846:6:Error_Handler	4	static,ignoring_inline_asm
