../Core/Src/main.c:187:5:main	1
../Core/Src/main.c:293:6:SystemClock_Config	4
../Core/Src/main.c:340:13:MX_ADC1_Init	3
../Core/Src/main.c:397:13:MX_CAN_Init	4
../Core/Src/main.c:468:13:MX_USART2_UART_Init	2
../Core/Src/main.c:503:13:MX_GPIO_Init	1
../Core/Src/main.c:540:9:lastMessageSent	2
../Core/Src/main.c:564:6:ControlPedal	8
../Core/Src/main.c:648:6:DisplayData	5
../Core/Src/main.c:705:6:StartAPPSCalibration	1
../Core/Src/main.c:723:6:StartCANWatchdog	8
../Core/Src/main.c:807:6:HAL_TIM_PeriodElapsedCallback	2
../Core/Src/main.c:825:6:Error_Handler	1
